[wpriverthemes.com/HTML/agznko/index.html]
[backblue.gif]
[fade.gif]
[index.html]
[wpriverthemes.com/HTML/agznko/assets/img/favicon.svg]
[wpriverthemes.com/HTML/agznko/assets/css/bootstrap.min.css]
[wpriverthemes.com/HTML/agznko/assets/css/animate.css]
[wpriverthemes.com/HTML/agznko/assets/css/all.min.css]
[wpriverthemes.com/HTML/agznko/assets/css/magnific-popup.css]
[wpriverthemes.com/HTML/agznko/assets/css/meanmenu.css]
[wpriverthemes.com/HTML/agznko/assets/css/swiper-bundle.min.css]
[wpriverthemes.com/HTML/agznko/assets/css/nice-select.css]
[wpriverthemes.com/HTML/agznko/assets/css/main.css]
[wpriverthemes.com/HTML/agznko/assets/img/logo/white-logo.svg]
[wpriverthemes.com/HTML/agznko/contact.html]
[wpriverthemes.com/HTML/agznko/assets/img/header/home-1.jpg]
[wpriverthemes.com/HTML/agznko/index-one-page.html]
[wpriverthemes.com/HTML/agznko/assets/img/header/home-2.jpg]
[wpriverthemes.com/HTML/agznko/index-2.html]
[wpriverthemes.com/HTML/agznko/index-two-page.html]
[wpriverthemes.com/HTML/agznko/assets/img/header/home-3.jpg]
[wpriverthemes.com/HTML/agznko/index-3.html]
[wpriverthemes.com/HTML/agznko/index-three-page.html]
[wpriverthemes.com/HTML/agznko/assets/img/header/home-4.jpg]
[wpriverthemes.com/HTML/agznko/index-4.html]
[wpriverthemes.com/HTML/agznko/index-four-page.html]
[wpriverthemes.com/HTML/agznko/team.html]
[wpriverthemes.com/HTML/agznko/about.html]
[wpriverthemes.com/HTML/agznko/service-details.html]
[wpriverthemes.com/HTML/agznko/service.html]
[wpriverthemes.com/HTML/agznko/service-2.html]
[wpriverthemes.com/HTML/agznko/project-details.html]
[wpriverthemes.com/HTML/agznko/project.html]
[wpriverthemes.com/HTML/agznko/project-2.html]
[wpriverthemes.com/HTML/agznko/news-details.html]
[wpriverthemes.com/HTML/agznko/news-grid.html]
[wpriverthemes.com/HTML/agznko/news.html]
[wpriverthemes.com/HTML/agznko/team-2.html]
[wpriverthemes.com/HTML/agznko/team-details.html]
[wpriverthemes.com/HTML/agznko/pricing.html]
[wpriverthemes.com/HTML/agznko/faq.html]
[wpriverthemes.com/HTML/agznko/404.html]
[wpriverthemes.com/HTML/agznko/assets/img/hero/client-img.png]
[wpriverthemes.com/HTML/agznko/assets/img/hero/01.jpg]
[wpriverthemes.com/HTML/agznko/assets/img/hero/circle-text.png]
[wpriverthemes.com/HTML/agznko/assets/img/brand/01.png]
[wpriverthemes.com/HTML/agznko/assets/img/brand/02.png]
[wpriverthemes.com/HTML/agznko/assets/img/brand/03.png]
[wpriverthemes.com/HTML/agznko/assets/img/brand/04.png]
[wpriverthemes.com/HTML/agznko/assets/img/brand/05.png]
[wpriverthemes.com/HTML/agznko/assets/img/brand/06.png]
[wpriverthemes.com/HTML/agznko/assets/img/about/01.jpg]
[wpriverthemes.com/HTML/agznko/assets/img/about/02.png]
[wpriverthemes.com/HTML/agznko/assets/img/about/line.png]
[wpriverthemes.com/HTML/agznko/assets/img/icon/01.svg]
[wpriverthemes.com/HTML/agznko/assets/img/icon/02.svg]
[wpriverthemes.com/HTML/agznko/assets/img/project/hover-img.jpg]
[wpriverthemes.com/HTML/agznko/assets/img/team/01.jpg]
[wpriverthemes.com/HTML/agznko/assets/img/team/02.jpg]
[wpriverthemes.com/HTML/agznko/assets/img/team/03.jpg]
[wpriverthemes.com/HTML/agznko/assets/img/team/04.jpg]
[wpriverthemes.com/HTML/agznko/assets/img/testimonial/01.png]
[wpriverthemes.com/HTML/agznko/assets/img/testimonial/quote.png]
[wpriverthemes.com/HTML/agznko/assets/img/testimonial/icon.png]
[wpriverthemes.com/HTML/agznko/assets/img/testimonial/02.png]
[wpriverthemes.com/HTML/agznko/assets/img/news/01.jpg]
[wpriverthemes.com/HTML/agznko/assets/img/news/02.jpg]
[wpriverthemes.com/HTML/agznko/assets/img/news/03.jpg]
[wpriverthemes.com/HTML/agznko/assets/js/jquery-3.7.1.min.js]
[wpriverthemes.com/HTML/agznko/assets/js/viewport.jquery.js]
[wpriverthemes.com/HTML/agznko/assets/js/bootstrap.bundle.min.js]
[wpriverthemes.com/HTML/agznko/assets/js/jquery.nice-select.min.js]
[wpriverthemes.com/HTML/agznko/assets/js/jquery.waypoints.js]
[wpriverthemes.com/HTML/agznko/assets/js/jquery.counterup.min.js]
[wpriverthemes.com/HTML/agznko/assets/js/swiper-bundle.min.js]
[wpriverthemes.com/HTML/agznko/assets/js/jquery.meanmenu.min.js]
[wpriverthemes.com/HTML/agznko/assets/js/jquery.magnific-popup.min.js]
[wpriverthemes.com/HTML/agznko/assets/js/wow.min.js]
[wpriverthemes.com/HTML/agznko/index.html]
[wpriverthemes.com/HTML/agznko/assets/img/favicon.svg]
[wpriverthemes.com/HTML/agznko/assets/css/bootstrap.min.css]
[wpriverthemes.com/HTML/agznko/assets/webfonts/fa-brands-400.woff2]
[wpriverthemes.com/HTML/agznko/assets/js/main.js]
[wpriverthemes.com/HTML/agznko/assets/webfonts/fa-duotone-900.woff2]
[wpriverthemes.com/HTML/agznko/assets/webfonts/fa-brands-400.ttf]
[wpriverthemes.com/HTML/agznko/assets/webfonts/fa-light-300.woff2]
[wpriverthemes.com/HTML/agznko/assets/webfonts/fa-duotone-900.ttf]
[wpriverthemes.com/HTML/agznko/assets/webfonts/fa-regular-400.woff2]
[wpriverthemes.com/HTML/agznko/assets/webfonts/fa-solid-900.woff2]
[wpriverthemes.com/HTML/agznko/assets/webfonts/fa-regular-400.ttf]
[wpriverthemes.com/HTML/agznko/assets/webfonts/fa-solid-900.ttf]
[wpriverthemes.com/HTML/agznko/assets/webfonts/fa-light-300.ttf]
[wpriverthemes.com/HTML/agznko/assets/webfonts/fa-thin-100.woff2]
[wpriverthemes.com/HTML/agznko/assets/webfonts/fa-v4compatibility.woff2]
[wpriverthemes.com/HTML/agznko/assets/css/all.min.css]
[wpriverthemes.com/HTML/agznko/assets/css/animate.css]
[wpriverthemes.com/HTML/agznko/assets/css/magnific-popup.css]
[wpriverthemes.com/HTML/agznko/assets/css/meanmenu.css]
[wpriverthemes.com/HTML/agznko/assets/css/swiper-bundle.min.css]
[wpriverthemes.com/HTML/agznko/assets/css/nice-select.css]
[wpriverthemes.com/HTML/agznko/assets/css/color.css]
[wpriverthemes.com/HTML/agznko/assets/css/main.css]
[wpriverthemes.com/HTML/agznko/assets/img/logo/white-logo.svg]
[wpriverthemes.com/HTML/agznko/assets/webfonts/fa-v4compatibility.ttf]
[wpriverthemes.com/HTML/agznko/assets/img/breadcrumb-shape.png]
[wpriverthemes.com/HTML/agznko/assets/img/arrow-shape.png]
[wpriverthemes.com/HTML/agznko/assets/img/circle-shape.png]
[wpriverthemes.com/HTML/agznko/assets/img/icon/08.svg]
[wpriverthemes.com/HTML/agznko/assets/img/icon/09.svg]
[wpriverthemes.com/HTML/agznko/assets/img/icon/10.svg]
[wpriverthemes.com/HTML/agznko/assets/js/ajax-mail.js]
[wpriverthemes.com/HTML/agznko/contact.html]
[wpriverthemes.com/HTML/agznko/index-one-page.html]
[wpriverthemes.com/HTML/agznko/assets/img/hero/02.jpg]
[wpriverthemes.com/HTML/agznko/assets/img/icon/03.svg]
[wpriverthemes.com/HTML/agznko/assets/img/icon/04.svg]
[wpriverthemes.com/HTML/agznko/assets/img/about/about-video.jpg]
[wpriverthemes.com/HTML/agznko/assets/img/project/01.jpg]
[wpriverthemes.com/HTML/agznko/assets/webfonts/fa-thin-100.ttf]
[wpriverthemes.com/HTML/agznko/assets/img/project/02.jpg]
[wpriverthemes.com/HTML/agznko/assets/img/project/03.jpg]
[wpriverthemes.com/HTML/agznko/assets/img/project/04.jpg]
[wpriverthemes.com/HTML/agznko/assets/img/project/05.jpg]
[wpriverthemes.com/HTML/agznko/assets/img/testimonial/testimonial.jpg]
[wpriverthemes.com/HTML/agznko/assets/img/testimonial/03.png]
[wpriverthemes.com/HTML/agznko/assets/img/testimonial/04.png]
[wpriverthemes.com/HTML/agznko/assets/img/testimonial/05.png]
[wpriverthemes.com/HTML/agznko/assets/img/testimonial/06.png]
[wpriverthemes.com/HTML/agznko/assets/img/team/05.jpg]
[wpriverthemes.com/HTML/agznko/team-details]
[wpriverthemes.com/HTML/agznko/assets/img/team/06.jpg]
[wpriverthemes.com/HTML/agznko/assets/img/team/07.jpg]
[wpriverthemes.com/HTML/agznko/assets/img/news/04.jpg]
[wpriverthemes.com/HTML/agznko/assets/img/news/05.jpg]
[wpriverthemes.com/HTML/agznko/index-2.html]
[wpriverthemes.com/HTML/agznko/index-two-page.html]
[wpriverthemes.com/HTML/agznko/assets/img/hero/hero-bg.png]
[wpriverthemes.com/HTML/agznko/assets/img/hero/01.png]
[wpriverthemes.com/HTML/agznko/assets/img/hero/03.jpg]
[wpriverthemes.com/HTML/agznko/assets/img/hero/04.jpg]
[wpriverthemes.com/HTML/agznko/assets/img/hero/client-img-2.png]
[wpriverthemes.com/HTML/agznko/assets/img/about/03.png]
[wpriverthemes.com/HTML/agznko/assets/img/project/06.jpg]
[wpriverthemes.com/HTML/agznko/assets/img/project/07.jpg]
[wpriverthemes.com/HTML/agznko/assets/img/news/06.jpg]
[wpriverthemes.com/HTML/agznko/assets/img/news/07.jpg]
[wpriverthemes.com/HTML/agznko/assets/img/news/08.jpg]
[wpriverthemes.com/HTML/agznko/index-3.html]
[wpriverthemes.com/HTML/agznko/index-three-page.html]
[wpriverthemes.com/HTML/agznko/assets/img/hero/05.jpg]
[wpriverthemes.com/HTML/agznko/assets/img/hero/video-img.jpg]
[wpriverthemes.com/HTML/agznko/index-4.html]
[wpriverthemes.com/HTML/agznko/index-four-page.html]
[wpriverthemes.com/HTML/agznko/assets/img/team/08.jpg]
[wpriverthemes.com/HTML/agznko/assets/img/team/09.jpg]
[wpriverthemes.com/HTML/agznko/assets/img/team/10.jpg]
[wpriverthemes.com/HTML/agznko/assets/img/team/11.jpg]
[wpriverthemes.com/HTML/agznko/team.html]
[wpriverthemes.com/HTML/agznko/about.html]
[wpriverthemes.com/HTML/agznko/assets/img/service/details-1.jpg]
[wpriverthemes.com/HTML/agznko/assets/img/service/details-4.jpg]
[wpriverthemes.com/HTML/agznko/assets/img/service/details-5.jpg]
[wpriverthemes.com/HTML/agznko/assets/img/faq/01.jpg]
[wpriverthemes.com/HTML/agznko/service-details.html]
[wpriverthemes.com/HTML/agznko/assets/img/icon/05.svg]
[wpriverthemes.com/HTML/agznko/assets/img/icon/06.svg]
[wpriverthemes.com/HTML/agznko/assets/img/icon/07.svg]
[wpriverthemes.com/HTML/agznko/service.html]
[wpriverthemes.com/HTML/agznko/service-2.html]
[wpriverthemes.com/HTML/agznko/assets/img/project/details-1.jpg]
[wpriverthemes.com/HTML/agznko/assets/img/project/details-2.jpg]
[wpriverthemes.com/HTML/agznko/assets/img/project/details-3.jpg]
[wpriverthemes.com/HTML/agznko/project-details.html]
[wpriverthemes.com/HTML/agznko/project.html]
[wpriverthemes.com/HTML/agznko/assets/img/project/08.jpg]
[wpriverthemes.com/HTML/agznko/assets/img/project/09.jpg]
[wpriverthemes.com/HTML/agznko/assets/img/project/10.jpg]
[wpriverthemes.com/HTML/agznko/assets/img/project/11.jpg]
[wpriverthemes.com/HTML/agznko/project-2.html]
[wpriverthemes.com/HTML/agznko/assets/img/news/post-4.jpg]
[wpriverthemes.com/HTML/agznko/assets/img/news/post-5.jpg]
[wpriverthemes.com/HTML/agznko/assets/img/news/post-6.jpg]
[wpriverthemes.com/HTML/agznko/assets/img/news/comment.png]
[wpriverthemes.com/HTML/agznko/assets/img/news/comment-2.png]
[wpriverthemes.com/HTML/agznko/assets/img/news/pp3.jpg]
[wpriverthemes.com/HTML/agznko/assets/img/news/pp4.jpg]
[wpriverthemes.com/HTML/agznko/assets/img/news/pp5.jpg]
[wpriverthemes.com/HTML/agznko/news-details.html]
[wpriverthemes.com/HTML/agznko/assets/img/news/09.jpg]
[wpriverthemes.com/HTML/agznko/assets/img/news/10.jpg]
[wpriverthemes.com/HTML/agznko/assets/img/news/11.jpg]
[wpriverthemes.com/HTML/agznko/news-grid.html]
[wpriverthemes.com/HTML/agznko/assets/img/news/12.jpg]
[wpriverthemes.com/HTML/agznko/assets/img/news/13.jpg]
[wpriverthemes.com/HTML/agznko/assets/img/news/14.jpg]
[wpriverthemes.com/HTML/agznko/assets/img/news/15.jpg]
[wpriverthemes.com/HTML/agznko/assets/img/news/16.jpg]
[wpriverthemes.com/HTML/agznko/news.html]
[wpriverthemes.com/HTML/agznko/assets/img/team/12.jpg]
[wpriverthemes.com/HTML/agznko/assets/img/team/13.jpg]
[wpriverthemes.com/HTML/agznko/assets/img/team/14.jpg]
[wpriverthemes.com/HTML/agznko/team-2.html]
[wpriverthemes.com/HTML/agznko/assets/img/team/details-1.jpg]
[wpriverthemes.com/HTML/agznko/team-details.html]
[wpriverthemes.com/HTML/agznko/pricing.html]
[wpriverthemes.com/HTML/agznko/faq.html]
[wpriverthemes.com/HTML/agznko/404.html]
[wpriverthemes.com/HTML/agznko/assets/img/icon/01.svg]
[wpriverthemes.com/HTML/agznko/assets/img/icon/02.svg]
[wpriverthemes.com/HTML/agznko/assets/js/jquery-3.7.1.min.js]
[wpriverthemes.com/HTML/agznko/assets/js/viewport.jquery.js]
[wpriverthemes.com/HTML/agznko/assets/js/bootstrap.bundle.min.js]
[wpriverthemes.com/HTML/agznko/assets/js/jquery.nice-select.min.js]
[wpriverthemes.com/HTML/agznko/assets/js/jquery.waypoints.js]
[wpriverthemes.com/HTML/agznko/assets/js/jquery.counterup.min.js]
[wpriverthemes.com/HTML/agznko/l]
[wpriverthemes.com/HTML/agznko/e]
[wpriverthemes.com/HTML/agznko/t.params.url]
[wpriverthemes.com/HTML/agznko/assets/js/swiper-bundle.min.js]
[wpriverthemes.com/HTML/agznko/assets/js/jquery.meanmenu.min.js]
[wpriverthemes.com/HTML/agznko/assets/js/jquery.magnific-popup.min.js]
[wpriverthemes.com/HTML/agznko/assets/js/wow.min.js]
[wpriverthemes.com/HTML/agznko/assets/js/main.js]
[wpriverthemes.com/HTML/agznko/assets/img/icon/08.svg]
[wpriverthemes.com/HTML/agznko/assets/img/icon/09.svg]
[wpriverthemes.com/HTML/agznko/assets/img/icon/10.svg]
[wpriverthemes.com/HTML/agznko/assets/js/ajax-mail.js]
[wpriverthemes.com/HTML/agznko/assets/img/icon/03.svg]
[wpriverthemes.com/HTML/agznko/assets/img/icon/04.svg]
[wpriverthemes.com/HTML/agznko/team-details-2.html]
[wpriverthemes.com/HTML/agznko/assets/img/icon/05.svg]
[wpriverthemes.com/HTML/agznko/assets/img/icon/06.svg]
[wpriverthemes.com/HTML/agznko/assets/img/icon/07.svg]
[wpriverthemes.com/HTML/agznko/l.html]
[wpriverthemes.com/HTML/agznko/e.html]
[wpriverthemes.com/HTML/agznko/t.params.html]
